[myfarmz.vercel.app/index.html]
[backblue.gif]
[fade.gif]
[index.html]
[myfarmz.vercel.app/assets/images/favicons/apple-touch-icon.png]
[myfarmz.vercel.app/assets/images/favicons/favicon-32x32.png]
[myfarmz.vercel.app/assets/images/favicons/favicon-16x16.png]
[myfarmz.vercel.app/assets/images/favicons/site.webmanifest]
[myfarmz.vercel.app/css23c03.css]
[myfarmz.vercel.app/css2-1c52e.css]
[myfarmz.vercel.app/assets/css/animate.min.css]
[myfarmz.vercel.app/assets/css/bootstrap.min.css]
[myfarmz.vercel.app/assets/css/owl.carousel.min.css]
[myfarmz.vercel.app/assets/css/owl.theme.default.min.css]
[myfarmz.vercel.app/assets/css/magnific-popup.css]
[myfarmz.vercel.app/assets/css/fontawesome-all.min.css]
[myfarmz.vercel.app/assets/css/swiper.min.css]
[myfarmz.vercel.app/assets/css/bootstrap-select.min.css]
[myfarmz.vercel.app/assets/css/jquery.mCustomScrollbar.min.css]
[myfarmz.vercel.app/assets/css/bootstrap-datepicker.min.css]
[myfarmz.vercel.app/assets/css/vegas.min.css]
[myfarmz.vercel.app/assets/css/nouislider.min.css]
[myfarmz.vercel.app/assets/css/nouislider.pips.css]
[myfarmz.vercel.app/assets/css/myfarmz.css]
[myfarmz.vercel.app/assets/css/style.css]
[myfarmz.vercel.app/assets/css/responsive.css]
[myfarmz.vercel.app/assets/images/loader.png]
[myfarmz.vercel.app/assets/images/shapes/header-bg.png]
[myfarmz.vercel.app/assets/images/resources/logo.png]
[myfarmz.vercel.app/shop.html]
[myfarmz.vercel.app/team.html]
[myfarmz.vercel.app/news.html]
[myfarmz.vercel.app/contact.html]
[myfarmz.vercel.app/gallery.html]
[myfarmz.vercel.app/cart.html]
[myfarmz.vercel.app/assets/images/main-slider/slide_v1_1.jpg]
[myfarmz.vercel.app/assets/images/main-slider/slide_v1_2.jpg]
[myfarmz.vercel.app/assets/images/main-slider/slide_v1_3.jpg]
[myfarmz.vercel.app/assets/images/about/about-1-img-1.jpg]
[myfarmz.vercel.app/assets/images/about/about-1-img-2.jpg]
[myfarmz.vercel.app/assets/images/resources/leaf.png]
[myfarmz.vercel.app/assets/images/resources/video-bg-1.jpg]
[myfarmz.vercel.app/assets/images/testimonials/testimonial-1-img-1.png]
[myfarmz.vercel.app/assets/images/testimonials/testimonial-1-img-2.png]
[myfarmz.vercel.app/assets/images/project/recent-pro-img-1.jpg]
[myfarmz.vercel.app/assets/images/project/recent-pro-img-2.jpg]
[myfarmz.vercel.app/assets/images/project/recent-pro-img-3.jpg]
[myfarmz.vercel.app/assets/images/resources/benifits_bg.png]
[myfarmz.vercel.app/assets/images/resources/product-1-img-1.jpg]
[myfarmz.vercel.app/assets/images/resources/cta_one_bg-1.jpg]
[myfarmz.vercel.app/assets/images/resources/site-footer-farm.png]
[myfarmz.vercel.app/assets/images/resources/footer-1-img-1.jpg]
[myfarmz.vercel.app/blog.html]
[myfarmz.vercel.app/assets/images/resources/footer-1-img-2.jpg]
[myfarmz.vercel.app/assets/images/shapes/close-1-1.png]
[translate.google.com/translate_a/elementa0d8.js]
[myfarmz.vercel.app/assets/js/jquery.min.js]
[myfarmz.vercel.app/assets/js/bootstrap.bundle.min.js]
[myfarmz.vercel.app/assets/js/owl.carousel.min.js]
[myfarmz.vercel.app/assets/js/waypoints.min.js]
[myfarmz.vercel.app/assets/js/jquery.counterup.min.js]
[myfarmz.vercel.app/assets/js/TweenMax.min.js]
[myfarmz.vercel.app/assets/js/wow.js]
[myfarmz.vercel.app/assets/js/jquery.magnific-popup.min.js]
[myfarmz.vercel.app/assets/js/jquery.ajaxchimp.min.js]
[myfarmz.vercel.app/assets/js/swiper.min.js]
[myfarmz.vercel.app/assets/js/typed-2.0.11.js]
[myfarmz.vercel.app/assets/js/vegas.min.js]
[myfarmz.vercel.app/assets/js/jquery.validate.min.js]
[myfarmz.vercel.app/assets/js/bootstrap-select.min.js]
[myfarmz.vercel.app/assets/js/countdown.min.js]
[myfarmz.vercel.app/assets/js/jquery.mCustomScrollbar.concat.min.js]
[myfarmz.vercel.app/assets/js/bootstrap-datepicker.min.js]
[myfarmz.vercel.app/assets/js/nouislider.min.js]
[myfarmz.vercel.app/assets/js/isotope.js]
[myfarmz.vercel.app/assets/js/appear.js]
[myfarmz.vercel.app/index.html]
[myfarmz.vercel.app/css23c03.html]
[myfarmz.vercel.app/css2-1c52e.html]
[myfarmz.vercel.app/assets/css/animate.min.css]
[myfarmz.vercel.app/assets/css/bootstrap.min.css]
[myfarmz.vercel.app/assets/js/theme.js]
[myfarmz.vercel.app/assets/css/owl.video.play.png]
[myfarmz.vercel.app/assets/css/owl.carousel.min.css]
[myfarmz.vercel.app/assets/css/owl.theme.default.min.css]
[myfarmz.vercel.app/assets/css/magnific-popup.css]
[myfarmz.vercel.app/assets/fonts/fa-brands-400.eot]
[myfarmz.vercel.app/assets/fonts/fa-brands-400-1.eot]
[myfarmz.vercel.app/assets/fonts/fa-brands-400.woff2]
[myfarmz.vercel.app/assets/fonts/fa-brands-400.woff]
[myfarmz.vercel.app/assets/fonts/fa-brands-400.ttf]
[myfarmz.vercel.app/assets/fonts/fa-brands-400.svg]
[myfarmz.vercel.app/assets/fonts/fa-regular-400.eot]
[myfarmz.vercel.app/assets/fonts/fa-regular-400-1.eot]
[myfarmz.vercel.app/assets/fonts/fa-regular-400.woff2]
[myfarmz.vercel.app/assets/css/..bfonts/fa-regular-400.woff]
[myfarmz.vercel.app/assets/fonts/fa-regular-400.ttf]
[myfarmz.vercel.app/assets/fonts/fa-regular-400.svg]
[myfarmz.vercel.app/assets/fonts/fa-solid-900.eot]
[myfarmz.vercel.app/assets/fonts/fa-solid-900.woff2]
[myfarmz.vercel.app/assets/fonts/fa-solid-900-1.eot]
[myfarmz.vercel.app/assets/fonts/fa-solid-900.woff]
[myfarmz.vercel.app/assets/fonts/fa-solid-900.ttf]
[myfarmz.vercel.app/assets/css/..bfonts/fa-solid-900.svg]
[myfarmz.vercel.app/assets/css/fontawesome-all.min.css]
[myfarmz.vercel.app/assets/css/swiper.min.css]
[myfarmz.vercel.app/assets/css/bootstrap-select.min.css]
[myfarmz.vercel.app/assets/css/mCSB_buttons.png]
[myfarmz.vercel.app/assets/css/jquery.mCustomScrollbar.min.css]
[myfarmz.vercel.app/assets/css/bootstrap-datepicker.min.css]
[myfarmz.vercel.app/assets/css/overlays/02.png]
[myfarmz.vercel.app/assets/css/vegas.min.css]
[myfarmz.vercel.app/assets/css/nouislider.min.css]
[myfarmz.vercel.app/assets/css/nouislider.pips.css]
[myfarmz.vercel.app/assets/fonts/icomoon.eot]
[myfarmz.vercel.app/assets/fonts/icomoon.ttf]
[myfarmz.vercel.app/assets/fonts/icomoon.woff]
[myfarmz.vercel.app/assets/css/myfarmz.css]
[myfarmz.vercel.app/assets/fonts/icomoon.svg]
[myfarmz.vercel.app/assets/images/icon/line1.png]
[myfarmz.vercel.app/assets/images/main-slider/slider-3-leafs.png]
[myfarmz.vercel.app/assets/images/icon/quote_2.png]
[myfarmz.vercel.app/assets/images/shapes/testi-arrow-3-1.png]
[myfarmz.vercel.app/assets/images/main-slider/slider-5-leafs.png]
[myfarmz.vercel.app/assets/css/style.css]
[myfarmz.vercel.app/assets/css/responsive.css]
[myfarmz.vercel.app/assets/css/jquery-ui.css]
[myfarmz.vercel.app/assets/images/backgrounds/page-header-contact.jpg]
[myfarmz.vercel.app/assets/images/shop/GROWBUDDY Neem.jpg]
[myfarmz.vercel.app/product.html]
[myfarmz.vercel.app/shop.html]
[myfarmz.vercel.app/assets/js/jquery-ui.js]
[myfarmz.vercel.app/assets/css/jquery.bxslider.css]
[myfarmz.vercel.app/assets/images/team/ceo-1.png]
[myfarmz.vercel.app/assets/images/team/ceo-2.png]
[myfarmz.vercel.app/assets/images/team/recruit.png]
[myfarmz.vercel.app/team.html]
[myfarmz.vercel.app/assets/js/jquery.bxslider.min.js]
[myfarmz.vercel.app/assets/images/blog/blog-1-img-1.jpg]
[myfarmz.vercel.app/assets/images/blog/blog-1-img-2.jpg]
[myfarmz.vercel.app/assets/images/blog/blog-1-img-3.jpg]
[myfarmz.vercel.app/assets/images/blog/blog-1-img-4.jpg]
[myfarmz.vercel.app/assets/images/blog/blog-1-img-5.jpg]
[myfarmz.vercel.app/assets/images/blog/blog-1-img-6.jpg]
[myfarmz.vercel.app/news.html]
[myfarmz.vercel.app/assets/images/resources/contact_img.jpg]
[myfarmz.vercel.app/contact.html]
[myfarmz.vercel.app/shop.html/index.html]
[myfarmz.vercel.app/assets/images/gallery/gallery-2-img-1.jpg]
[myfarmz.vercel.app/assets/images/gallery/gallery-2-img-2.jpg]
[myfarmz.vercel.app/assets/images/gallery/gallery-2-img-3.jpg]
[myfarmz.vercel.app/assets/images/gallery/gallery-2-img-4.jpg]
[myfarmz.vercel.app/assets/images/gallery/gallery-2-img-5.jpg]
[myfarmz.vercel.app/assets/images/gallery/gallery-2-img-6.jpg]
[myfarmz.vercel.app/assets/images/gallery/gallery-2-img-7.jpg]
[myfarmz.vercel.app/gallery.html]
[m.media-amazon.com/images/I/41XgT3n0TRL._AC_UL480_FMwebp_QL65_.jpg]
[myfarmz.vercel.app/checkout.html]
[myfarmz.vercel.app/cart.html]
[myfarmz.vercel.app/assets/js/jquery.bootstrap-touchspin.js]
[myfarmz.vercel.app/assets/images/blog/news-detail-img-1.jpg]
[myfarmz.vercel.app/assets/images/blog/lp-1-1.jpg]
[myfarmz.vercel.app/assets/images/blog/lp-1-2.jpg]
[myfarmz.vercel.app/assets/images/blog/lp-1-3.jpg]
[myfarmz.vercel.app/assets/images/blog/ads.jpg]
[myfarmz.vercel.app/blog.html]
[myfarmz.vercel.app/assets/css/owl.video.play.html]
[myfarmz.vercel.app/assets/fonts/fa-brands-400.svg]
[myfarmz.vercel.app/assets/css/..bfonts/fa-regular-400.html]
[myfarmz.vercel.app/assets/fonts/fa-regular-400.svg]
[myfarmz.vercel.app/assets/css/..bfonts/fa-solid-900.html]
[myfarmz.vercel.app/assets/css/mCSB_buttons.html]
[myfarmz.vercel.app/assets/css/overlays/02.html]
[myfarmz.vercel.app/assets/fonts/icomoon.svg]
[myfarmz.vercel.app/assets/css/images/ui-icons_444444_256x240.png]
[myfarmz.vercel.app/assets/css/images/ui-icons_555555_256x240.png]
[myfarmz.vercel.app/assets/css/images/ui-icons_777620_256x240.png]
[myfarmz.vercel.app/assets/css/images/ui-icons_cc0000_256x240.png]
[myfarmz.vercel.app/assets/css/jquery-ui.css]
[myfarmz.vercel.app/assets/images/shop/review-1.png]
[myfarmz.vercel.app/assets/images/shop/review-2.png]
[myfarmz.vercel.app/product.html]
[myfarmz.vercel.app/assets/images/icon/bx_loader.gif]
[myfarmz.vercel.app/assets/img/bx-slider/controls.png]
[myfarmz.vercel.app/assets/css/jquery.bxslider.css]
[myfarmz.vercel.app/shop.html/assets/images/favicons/apple-touch-icon.png]
[myfarmz.vercel.app/shop.html/assets/images/favicons/favicon-32x32.png]
[myfarmz.vercel.app/shop.html/assets/images/favicons/favicon-16x16.png]
[myfarmz.vercel.app/shop.html/assets/images/favicons/site.webmanifest]
[myfarmz.vercel.app/shop.html/assets/css/animate.min.css]
[myfarmz.vercel.app/shop.html/assets/css/bootstrap.min.css]
[myfarmz.vercel.app/shop.html/assets/css/owl.carousel.min.css]
[myfarmz.vercel.app/shop.html/assets/css/owl.theme.default.min.css]
[myfarmz.vercel.app/shop.html/assets/css/magnific-popup.css]
[myfarmz.vercel.app/shop.html/assets/css/fontawesome-all.min.css]
[myfarmz.vercel.app/shop.html/assets/css/swiper.min.css]
[myfarmz.vercel.app/shop.html/assets/css/bootstrap-select.min.css]
[myfarmz.vercel.app/shop.html/assets/css/jquery.mCustomScrollbar.min.css]
[myfarmz.vercel.app/shop.html/assets/css/bootstrap-datepicker.min.css]
[myfarmz.vercel.app/shop.html/assets/css/vegas.min.css]
[myfarmz.vercel.app/shop.html/assets/css/nouislider.min.css]
[myfarmz.vercel.app/shop.html/assets/css/nouislider.pips.css]
[myfarmz.vercel.app/shop.html/assets/css/myfarmz.css]
[myfarmz.vercel.app/shop.html/assets/css/jquery-ui.css]
[myfarmz.vercel.app/shop.html/assets/css/style.css]
[myfarmz.vercel.app/shop.html/assets/css/responsive.css]
[myfarmz.vercel.app/shop.html/assets/images/loader.png]
[myfarmz.vercel.app/shop.html/assets/images/shapes/header-bg.png]
[myfarmz.vercel.app/shop.html/assets/images/resources/logo.png]
[myfarmz.vercel.app/shop.html/shop.html]
[myfarmz.vercel.app/shop.html/team.html]
[myfarmz.vercel.app/shop.html/news.html]
[myfarmz.vercel.app/shop.html/contact.html]
[myfarmz.vercel.app/shop.html/gallery.html]
[myfarmz.vercel.app/shop.html/cart.html]
[myfarmz.vercel.app/shop.html/assets/images/backgrounds/page-header-contact.jpg]
[myfarmz.vercel.app/shop.html/assets/images/shop/GROWBUDDY Neem.jpg]
[myfarmz.vercel.app/shop.html/product.html]
[myfarmz.vercel.app/shop.html/assets/images/resources/site-footer-farm.png]
[myfarmz.vercel.app/shop.html/assets/images/resources/footer-1-img-1.jpg]
[myfarmz.vercel.app/shop.html/blog.html]
[myfarmz.vercel.app/shop.html/assets/images/resources/footer-1-img-2.jpg]
[myfarmz.vercel.app/shop.html/assets/images/shapes/close-1-1.png]
[myfarmz.vercel.app/shop.html/assets/js/jquery.min.js]
[myfarmz.vercel.app/shop.html/assets/js/bootstrap.bundle.min.js]
[myfarmz.vercel.app/shop.html/assets/js/owl.carousel.min.js]
[myfarmz.vercel.app/shop.html/assets/js/waypoints.min.js]
[myfarmz.vercel.app/shop.html/assets/js/jquery.counterup.min.js]
[myfarmz.vercel.app/shop.html/assets/js/TweenMax.min.js]
[myfarmz.vercel.app/shop.html/assets/js/wow.js]
[myfarmz.vercel.app/shop.html/assets/js/jquery.magnific-popup.min.js]
[myfarmz.vercel.app/shop.html/assets/js/jquery.ajaxchimp.min.js]
[myfarmz.vercel.app/shop.html/assets/js/swiper.min.js]
[myfarmz.vercel.app/shop.html/assets/js/typed-2.0.11.js]
[myfarmz.vercel.app/shop.html/assets/js/vegas.min.js]
[myfarmz.vercel.app/shop.html/assets/js/jquery.validate.min.js]
[myfarmz.vercel.app/shop.html/assets/js/bootstrap-select.min.js]
[myfarmz.vercel.app/shop.html/assets/js/countdown.min.js]
[myfarmz.vercel.app/shop.html/assets/js/jquery.mCustomScrollbar.concat.min.js]
[myfarmz.vercel.app/shop.html/assets/js/bootstrap-datepicker.min.js]
[myfarmz.vercel.app/shop.html/assets/js/nouislider.min.js]
[myfarmz.vercel.app/shop.html/assets/js/isotope.js]
[myfarmz.vercel.app/shop.html/assets/js/appear.js]
[myfarmz.vercel.app/shop.html/assets/js/jquery-ui.js]
[myfarmz.vercel.app/shop.html/assets/js/theme.js]
[myfarmz.vercel.app/shop.html/index.html]
[myfarmz.vercel.app/assets/css/jquery.bootstrap-touchspin.css]
[myfarmz.vercel.app/assets/images/shop/paypal-card.jpg]
[myfarmz.vercel.app/checkout.html]
[myfarmz.vercel.app/assets/css/images/ui-icons_444444_256x240.html]
[myfarmz.vercel.app/assets/css/images/ui-icons_555555_256x240.html]
[myfarmz.vercel.app/assets/css/images/ui-icons_777620_256x240.html]
[myfarmz.vercel.app/assets/css/images/ui-icons_cc0000_256x240.html]
[myfarmz.vercel.app/assets/images/icon/bx_loader.html]
[myfarmz.vercel.app/assets/img/bx-slider/controls.html]
[myfarmz.vercel.app/shop.html/assets/images/favicons/apple-touch-icon.html]
[myfarmz.vercel.app/shop.html/assets/images/favicons/favicon-32x32.html]
[myfarmz.vercel.app/shop.html/assets/images/favicons/favicon-16x16.html]
[myfarmz.vercel.app/shop.html/assets/images/favicons/site.html]
[myfarmz.vercel.app/shop.html/assets/css/animate.min.html]
[myfarmz.vercel.app/shop.html/assets/css/bootstrap.min.html]
[myfarmz.vercel.app/shop.html/assets/css/owl.carousel.min.html]
[myfarmz.vercel.app/shop.html/assets/css/owl.theme.default.min.html]
[myfarmz.vercel.app/shop.html/assets/css/magnific-popup.html]
[myfarmz.vercel.app/shop.html/assets/css/fontawesome-all.min.html]
[myfarmz.vercel.app/shop.html/assets/css/swiper.min.html]
[myfarmz.vercel.app/shop.html/assets/css/bootstrap-select.min.html]
[myfarmz.vercel.app/shop.html/assets/css/jquery.mCustomScrollbar.min.html]
[myfarmz.vercel.app/shop.html/assets/css/bootstrap-datepicker.min.html]
[myfarmz.vercel.app/shop.html/assets/css/vegas.min.html]
[myfarmz.vercel.app/shop.html/assets/css/nouislider.min.html]
[myfarmz.vercel.app/shop.html/assets/css/nouislider.pips.html]
[myfarmz.vercel.app/shop.html/assets/css/myfarmz.html]
[myfarmz.vercel.app/shop.html/assets/css/jquery-ui.html]
[myfarmz.vercel.app/shop.html/assets/css/style.html]
[myfarmz.vercel.app/shop.html/assets/css/responsive.html]
[myfarmz.vercel.app/shop.html/assets/images/loader.html]
[myfarmz.vercel.app/shop.html/assets/images/shapes/header-bg.html]
[myfarmz.vercel.app/shop.html/assets/images/resources/logo.html]
[myfarmz.vercel.app/shop.html/shop.html]
[myfarmz.vercel.app/shop.html/team.html]
[myfarmz.vercel.app/shop.html/news.html]
[myfarmz.vercel.app/shop.html/contact.html]
[myfarmz.vercel.app/shop.html/gallery.html]
[myfarmz.vercel.app/shop.html/cart.html]
[myfarmz.vercel.app/shop.html/assets/images/backgrounds/page-header-contact.html]
[myfarmz.vercel.app/shop.html/assets/images/shop/GROWBUDDY Neem.html]
[myfarmz.vercel.app/shop.html/product.html]
[myfarmz.vercel.app/shop.html/assets/images/resources/site-footer-farm.html]
[myfarmz.vercel.app/shop.html/assets/images/resources/footer-1-img-1.html]
[myfarmz.vercel.app/shop.html/blog.html]
[myfarmz.vercel.app/shop.html/assets/images/resources/footer-1-img-2.html]
[myfarmz.vercel.app/shop.html/assets/images/shapes/close-1-1.html]
[myfarmz.vercel.app/shop.html/assets/js/jquery.min.html]
[myfarmz.vercel.app/shop.html/assets/js/bootstrap.bundle.min.html]
[myfarmz.vercel.app/shop.html/assets/js/owl.carousel.min.html]
[myfarmz.vercel.app/shop.html/assets/js/waypoints.min.html]
[myfarmz.vercel.app/shop.html/assets/js/jquery.counterup.min.html]
[myfarmz.vercel.app/shop.html/assets/js/TweenMax.min.html]
[myfarmz.vercel.app/shop.html/assets/js/wow.html]
[myfarmz.vercel.app/shop.html/assets/js/jquery.magnific-popup.min.html]
[myfarmz.vercel.app/shop.html/assets/js/jquery.ajaxchimp.min.html]
[myfarmz.vercel.app/shop.html/assets/js/swiper.min.html]
[myfarmz.vercel.app/shop.html/assets/js/typed-2.0.11.html]
[myfarmz.vercel.app/shop.html/assets/js/vegas.min.html]
[myfarmz.vercel.app/shop.html/assets/js/jquery.validate.min.html]
[myfarmz.vercel.app/shop.html/assets/js/bootstrap-select.min.html]
[myfarmz.vercel.app/shop.html/assets/js/countdown.min.html]
[myfarmz.vercel.app/shop.html/assets/js/jquery.mCustomScrollbar.concat.min.html]
[myfarmz.vercel.app/shop.html/assets/js/bootstrap-datepicker.min.html]
[myfarmz.vercel.app/shop.html/assets/js/nouislider.min.html]
[myfarmz.vercel.app/shop.html/assets/js/isotope.html]
[myfarmz.vercel.app/shop.html/assets/js/appear.html]
[myfarmz.vercel.app/shop.html/assets/js/jquery-ui.html]
[myfarmz.vercel.app/shop.html/assets/js/theme.html]
